// Vitest Snapshot v1, https://vitest.dev/guide/snapshot.html

exports[`Pruebas en <GifItem /> > debe de hacer match con el snapshot 1`] = `
<div>
  <div
    class="card"
  >
    <img
      alt="One Punch Man GIF"
      src="https://media0.giphy.com/media/VXJWhaO7afRe/giphy.gif?cid=9217b59fk7mz91mj0mxbpph0koffdt8z8lxf1akdadwpnfv2&ep=v1_gifs_search&rid=giphy.gif&ct=g"
    />
    <p>
      One Punch Man GIF
    </p>
  </div>
</div>
`;
